  蠕ｩ蜈・ｯｾ雎｡縺ｮ繝励Ο繧ｸ繧ｧ繧ｯ繝医ｒ豎ｺ螳壹＠縺ｦ縺・∪縺・..
  蠕ｩ蜈・ｯｾ雎｡縺ｮ縺吶∋縺ｦ縺ｮ繝励Ο繧ｸ繧ｧ繧ｯ繝医・譛譁ｰ縺ｧ縺吶・
C:\workspace\bobcrm\src\BobCrm.Api\Services\AccessService.cs(205,13): warning CS0618: 'FunctionNode.TemplateId' 縺ｯ譌ｧ蠖｢蠑上〒縺・('Use TemplateStateBinding instead') [C:\workspace\bobcrm\src\BobCrm.Api\BobCrm.Api.csproj]
C:\workspace\bobcrm\src\BobCrm.Api\Services\AccessService.cs(207,13): warning CS0618: 'FunctionNode.TemplateBindingId' 縺ｯ譌ｧ蠖｢蠑上〒縺・('Use TemplateStateBindingId instead') [C:\workspace\bobcrm\src\BobCrm.Api\BobCrm.Api.csproj]
C:\workspace\bobcrm\src\BobCrm.Api\Services\AccessService.cs(284,13): warning CS0618: 'FunctionNode.TemplateId' 縺ｯ譌ｧ蠖｢蠑上〒縺・('Use TemplateStateBinding instead') [C:\workspace\bobcrm\src\BobCrm.Api\BobCrm.Api.csproj]
C:\workspace\bobcrm\src\BobCrm.Api\Services\AccessService.cs(286,13): warning CS0618: 'FunctionNode.TemplateBindingId' 縺ｯ譌ｧ蠖｢蠑上〒縺・('Use TemplateStateBindingId instead') [C:\workspace\bobcrm\src\BobCrm.Api\BobCrm.Api.csproj]
C:\workspace\bobcrm\src\BobCrm.Api\Services\AccessService.cs(310,13): warning CS0618: 'FunctionNode.TemplateId' 縺ｯ譌ｧ蠖｢蠑上〒縺・('Use TemplateStateBinding instead') [C:\workspace\bobcrm\src\BobCrm.Api\BobCrm.Api.csproj]
C:\workspace\bobcrm\src\BobCrm.Api\Services\AccessService.cs(312,13): warning CS0618: 'FunctionNode.TemplateBindingId' 縺ｯ譌ｧ蠖｢蠑上〒縺・('Use TemplateStateBindingId instead') [C:\workspace\bobcrm\src\BobCrm.Api\BobCrm.Api.csproj]
C:\workspace\bobcrm\src\BobCrm.Api\Services\AccessService.cs(316,13): warning CS0618: 'FunctionNode.TemplateId' 縺ｯ譌ｧ蠖｢蠑上〒縺・('Use TemplateStateBinding instead') [C:\workspace\bobcrm\src\BobCrm.Api\BobCrm.Api.csproj]
C:\workspace\bobcrm\src\BobCrm.Api\Services\AccessService.cs(320,19): warning CS0618: 'FunctionNode.TemplateId' 縺ｯ譌ｧ蠖｢蠑上〒縺・('Use TemplateStateBinding instead') [C:\workspace\bobcrm\src\BobCrm.Api\BobCrm.Api.csproj]
C:\workspace\bobcrm\src\BobCrm.Api\Services\AccessService.cs(325,13): warning CS0618: 'FunctionNode.TemplateBindingId' 縺ｯ譌ｧ蠖｢蠑上〒縺・('Use TemplateStateBindingId instead') [C:\workspace\bobcrm\src\BobCrm.Api\BobCrm.Api.csproj]
C:\workspace\bobcrm\src\BobCrm.Api\Services\AccessService.cs(329,19): warning CS0618: 'FunctionNode.TemplateBindingId' 縺ｯ譌ｧ蠖｢蠑上〒縺・('Use TemplateStateBindingId instead') [C:\workspace\bobcrm\src\BobCrm.Api\BobCrm.Api.csproj]
C:\workspace\bobcrm\src\BobCrm.Api\Endpoints\AccessEndpoints.cs(129,21): warning CS0618: 'FunctionNode.TemplateId' 縺ｯ譌ｧ蠖｢蠑上〒縺・('Use TemplateStateBinding instead') [C:\workspace\bobcrm\src\BobCrm.Api\BobCrm.Api.csproj]
C:\workspace\bobcrm\src\BobCrm.Api\Endpoints\AccessEndpoints.cs(158,21): warning CS0618: 'FunctionNode.TemplateId' 縺ｯ譌ｧ蠖｢蠑上〒縺・('Use TemplateStateBinding instead') [C:\workspace\bobcrm\src\BobCrm.Api\BobCrm.Api.csproj]
C:\workspace\bobcrm\src\BobCrm.Api\Endpoints\AccessEndpoints.cs(509,26): warning CS0618: 'FunctionNode.TemplateId' 縺ｯ譌ｧ蠖｢蠑上〒縺・('Use TemplateStateBinding instead') [C:\workspace\bobcrm\src\BobCrm.Api\BobCrm.Api.csproj]
C:\workspace\bobcrm\src\BobCrm.Api\Endpoints\TemplateEndpoints.cs(398,30): warning CS0618: 'TemplateDtoExtensions.ToDto(TemplateBinding)' 縺ｯ譌ｧ蠖｢蠑上〒縺・('TemplateBinding is deprecated. Use TemplateStateBinding instead.') [C:\workspace\bobcrm\src\BobCrm.Api\BobCrm.Api.csproj]
C:\workspace\bobcrm\src\BobCrm.Api\Endpoints\TemplateEndpoints.cs(425,31): warning CS0618: 'TemplateDtoExtensions.ToDto(TemplateBinding)' 縺ｯ譌ｧ蠖｢蠑上〒縺・('TemplateBinding is deprecated. Use TemplateStateBinding instead.') [C:\workspace\bobcrm\src\BobCrm.Api\BobCrm.Api.csproj]
C:\workspace\bobcrm\src\BobCrm.Api\Services\AccessService.cs(701,13): warning CS0618: 'FunctionNode.TemplateBindingId' 縺ｯ譌ｧ蠖｢蠑上〒縺・('Use TemplateStateBindingId instead') [C:\workspace\bobcrm\src\BobCrm.Api\BobCrm.Api.csproj]
C:\workspace\bobcrm\src\BobCrm.Api\Services\AccessService.cs(702,13): warning CS0618: 'FunctionNode.TemplateId' 縺ｯ譌ｧ蠖｢蠑上〒縺・('Use TemplateStateBinding instead') [C:\workspace\bobcrm\src\BobCrm.Api\BobCrm.Api.csproj]
C:\workspace\bobcrm\src\BobCrm.Api\Services\TemplateRuntimeService.cs(54,13): warning CS0618: 'TemplateDtoExtensions.ToDto(TemplateBinding)' 縺ｯ譌ｧ蠖｢蠑上〒縺・('TemplateBinding is deprecated. Use TemplateStateBinding instead.') [C:\workspace\bobcrm\src\BobCrm.Api\BobCrm.Api.csproj]
C:\workspace\bobcrm\src\BobCrm.Api\Endpoints\EntityDefinitionEndpoints.cs(132,25): error CS0117: 'FieldMetadataDto' 縺ｫ 'IsEntityRef' 縺ｮ螳夂ｾｩ縺後≠繧翫∪縺帙ｓ [C:\workspace\bobcrm\src\BobCrm.Api\BobCrm.Api.csproj]
C:\workspace\bobcrm\src\BobCrm.Api\Endpoints\EntityDefinitionEndpoints.cs(133,25): error CS0117: 'FieldMetadataDto' 縺ｫ 'ReferencedEntityId' 縺ｮ螳夂ｾｩ縺後≠繧翫∪縺帙ｓ [C:\workspace\bobcrm\src\BobCrm.Api\BobCrm.Api.csproj]
C:\workspace\bobcrm\src\BobCrm.Api\Endpoints\EntityDefinitionEndpoints.cs(134,25): error CS0117: 'FieldMetadataDto' 縺ｫ 'TableName' 縺ｮ螳夂ｾｩ縺後≠繧翫∪縺帙ｓ [C:\workspace\bobcrm\src\BobCrm.Api\BobCrm.Api.csproj]
C:\workspace\bobcrm\src\BobCrm.Api\Endpoints\EntityDefinitionEndpoints.cs(138,25): error CS0117: 'FieldMetadataDto' 縺ｫ 'Source' 縺ｮ螳夂ｾｩ縺後≠繧翫∪縺帙ｓ [C:\workspace\bobcrm\src\BobCrm.Api\BobCrm.Api.csproj]
C:\workspace\bobcrm\src\BobCrm.Api\Endpoints\EntityDefinitionEndpoints.cs(139,25): error CS0117: 'FieldMetadataDto' 縺ｫ 'EnumDefinitionId' 縺ｮ螳夂ｾｩ縺後≠繧翫∪縺帙ｓ [C:\workspace\bobcrm\src\BobCrm.Api\BobCrm.Api.csproj]
C:\workspace\bobcrm\src\BobCrm.Api\Endpoints\EntityDefinitionEndpoints.cs(140,25): error CS0117: 'FieldMetadataDto' 縺ｫ 'IsMultiSelect' 縺ｮ螳夂ｾｩ縺後≠繧翫∪縺帙ｓ [C:\workspace\bobcrm\src\BobCrm.Api\BobCrm.Api.csproj]
C:\workspace\bobcrm\src\BobCrm.Api\Endpoints\EntityDefinitionEndpoints.cs(306,25): error CS0117: 'FieldMetadataDto' 縺ｫ 'IsEntityRef' 縺ｮ螳夂ｾｩ縺後≠繧翫∪縺帙ｓ [C:\workspace\bobcrm\src\BobCrm.Api\BobCrm.Api.csproj]
C:\workspace\bobcrm\src\BobCrm.Api\Endpoints\EntityDefinitionEndpoints.cs(307,25): error CS0117: 'FieldMetadataDto' 縺ｫ 'ReferencedEntityId' 縺ｮ螳夂ｾｩ縺後≠繧翫∪縺帙ｓ [C:\workspace\bobcrm\src\BobCrm.Api\BobCrm.Api.csproj]
C:\workspace\bobcrm\src\BobCrm.Api\Endpoints\EntityDefinitionEndpoints.cs(308,25): error CS0117: 'FieldMetadataDto' 縺ｫ 'TableName' 縺ｮ螳夂ｾｩ縺後≠繧翫∪縺帙ｓ [C:\workspace\bobcrm\src\BobCrm.Api\BobCrm.Api.csproj]
C:\workspace\bobcrm\src\BobCrm.Api\Endpoints\EntityDefinitionEndpoints.cs(312,25): error CS0117: 'FieldMetadataDto' 縺ｫ 'Source' 縺ｮ螳夂ｾｩ縺後≠繧翫∪縺帙ｓ [C:\workspace\bobcrm\src\BobCrm.Api\BobCrm.Api.csproj]
C:\workspace\bobcrm\src\BobCrm.Api\Endpoints\EntityDefinitionEndpoints.cs(313,25): error CS0117: 'FieldMetadataDto' 縺ｫ 'EnumDefinitionId' 縺ｮ螳夂ｾｩ縺後≠繧翫∪縺帙ｓ [C:\workspace\bobcrm\src\BobCrm.Api\BobCrm.Api.csproj]
C:\workspace\bobcrm\src\BobCrm.Api\Endpoints\EntityDefinitionEndpoints.cs(314,25): error CS0117: 'FieldMetadataDto' 縺ｫ 'IsMultiSelect' 縺ｮ螳夂ｾｩ縺後≠繧翫∪縺帙ｓ [C:\workspace\bobcrm\src\BobCrm.Api\BobCrm.Api.csproj]
C:\workspace\bobcrm\src\BobCrm.Api\Endpoints\EntityDefinitionEndpoints.cs(385,25): error CS0117: 'FieldMetadataDto' 縺ｫ 'IsEntityRef' 縺ｮ螳夂ｾｩ縺後≠繧翫∪縺帙ｓ [C:\workspace\bobcrm\src\BobCrm.Api\BobCrm.Api.csproj]
C:\workspace\bobcrm\src\BobCrm.Api\Endpoints\EntityDefinitionEndpoints.cs(386,25): error CS0117: 'FieldMetadataDto' 縺ｫ 'ReferencedEntityId' 縺ｮ螳夂ｾｩ縺後≠繧翫∪縺帙ｓ [C:\workspace\bobcrm\src\BobCrm.Api\BobCrm.Api.csproj]
C:\workspace\bobcrm\src\BobCrm.Api\Endpoints\EntityDefinitionEndpoints.cs(387,25): error CS0117: 'FieldMetadataDto' 縺ｫ 'TableName' 縺ｮ螳夂ｾｩ縺後≠繧翫∪縺帙ｓ [C:\workspace\bobcrm\src\BobCrm.Api\BobCrm.Api.csproj]
C:\workspace\bobcrm\src\BobCrm.Api\Endpoints\EntityDefinitionEndpoints.cs(391,25): error CS0117: 'FieldMetadataDto' 縺ｫ 'Source' 縺ｮ螳夂ｾｩ縺後≠繧翫∪縺帙ｓ [C:\workspace\bobcrm\src\BobCrm.Api\BobCrm.Api.csproj]
C:\workspace\bobcrm\src\BobCrm.Api\Endpoints\EntityDefinitionEndpoints.cs(392,25): error CS0117: 'FieldMetadataDto' 縺ｫ 'EnumDefinitionId' 縺ｮ螳夂ｾｩ縺後≠繧翫∪縺帙ｓ [C:\workspace\bobcrm\src\BobCrm.Api\BobCrm.Api.csproj]
C:\workspace\bobcrm\src\BobCrm.Api\Endpoints\EntityDefinitionEndpoints.cs(393,25): error CS0117: 'FieldMetadataDto' 縺ｫ 'IsMultiSelect' 縺ｮ螳夂ｾｩ縺後≠繧翫∪縺帙ｓ [C:\workspace\bobcrm\src\BobCrm.Api\BobCrm.Api.csproj]
C:\workspace\bobcrm\src\BobCrm.Api\Endpoints\EntityDefinitionEndpoints.cs(488,66): error CS0718: 'EntityStructureType': 繧ｹ繧ｿ繝・ぅ繝・け蝙九ｒ蝙句ｼ墓焚縺ｨ縺励※菴ｿ逕ｨ縺吶ｋ縺薙→縺ｯ縺ｧ縺阪∪縺帙ｓ [C:\workspace\bobcrm\src\BobCrm.Api\BobCrm.Api.csproj]
C:\workspace\bobcrm\src\BobCrm.Api\Endpoints\EntityDefinitionEndpoints.cs(679,76): error CS0718: 'EntityStructureType': 繧ｹ繧ｿ繝・ぅ繝・け蝙九ｒ蝙句ｼ墓焚縺ｨ縺励※菴ｿ逕ｨ縺吶ｋ縺薙→縺ｯ縺ｧ縺阪∪縺帙ｓ [C:\workspace\bobcrm\src\BobCrm.Api\BobCrm.Api.csproj]
C:\workspace\bobcrm\src\BobCrm.Api\Endpoints\EntityDefinitionEndpoints.cs(975,34): error CS0029: 蝙・'int' 繧・'System.Guid' 縺ｫ證鈴ｻ咏噪縺ｫ螟画鋤縺ｧ縺阪∪縺帙ｓ [C:\workspace\bobcrm\src\BobCrm.Api\BobCrm.Api.csproj]
C:\workspace\bobcrm\src\BobCrm.Api\Endpoints\EntityDefinitionEndpoints.cs(981,29): error CS0029: 蝙・'BobCrm.Api.Base.FormTemplateUsageType' 繧・'string' 縺ｫ證鈴ｻ咏噪縺ｫ螟画鋤縺ｧ縺阪∪縺帙ｓ [C:\workspace\bobcrm\src\BobCrm.Api\BobCrm.Api.csproj]
C:\workspace\bobcrm\src\BobCrm.Api\Endpoints\EntityDefinitionEndpoints.cs(982,33): error CS0029: 蝙・'BobCrm.Api.Base.FormTemplateUsageType' 繧・'string' 縺ｫ證鈴ｻ咏噪縺ｫ螟画鋤縺ｧ縺阪∪縺帙ｓ [C:\workspace\bobcrm\src\BobCrm.Api\BobCrm.Api.csproj]
C:\workspace\bobcrm\src\BobCrm.Api\Endpoints\EntityDefinitionEndpoints.cs(983,33): error CS0029: 蝙・'int' 繧・'System.Guid' 縺ｫ證鈴ｻ咏噪縺ｫ螟画鋤縺ｧ縺阪∪縺帙ｓ [C:\workspace\bobcrm\src\BobCrm.Api\BobCrm.Api.csproj]
C:\workspace\bobcrm\src\BobCrm.Api\Endpoints\EntityDefinitionEndpoints.cs(984,34): error CS0029: 蝙・'int' 繧・'System.Guid' 縺ｫ證鈴ｻ咏噪縺ｫ螟画鋤縺ｧ縺阪∪縺帙ｓ [C:\workspace\bobcrm\src\BobCrm.Api\BobCrm.Api.csproj]
C:\workspace\bobcrm\src\BobCrm.Api\Endpoints\EntityDefinitionEndpoints.cs(994,29): error CS0029: 蝙・'BobCrm.Api.Base.FormTemplateUsageType' 繧・'string' 縺ｫ證鈴ｻ咏噪縺ｫ螟画鋤縺ｧ縺阪∪縺帙ｓ [C:\workspace\bobcrm\src\BobCrm.Api\BobCrm.Api.csproj]
C:\workspace\bobcrm\src\BobCrm.Api\Endpoints\EntityDefinitionEndpoints.cs(995,33): error CS0029: 蝙・'BobCrm.Api.Base.FormTemplateUsageType' 繧・'string' 縺ｫ證鈴ｻ咏噪縺ｫ螟画鋤縺ｧ縺阪∪縺帙ｓ [C:\workspace\bobcrm\src\BobCrm.Api\BobCrm.Api.csproj]
C:\workspace\bobcrm\src\BobCrm.Api\Endpoints\EntityDefinitionEndpoints.cs(1040,34): error CS0029: 蝙・'int' 繧・'System.Guid' 縺ｫ證鈴ｻ咏噪縺ｫ螟画鋤縺ｧ縺阪∪縺帙ｓ [C:\workspace\bobcrm\src\BobCrm.Api\BobCrm.Api.csproj]
C:\workspace\bobcrm\src\BobCrm.Api\Endpoints\EntityDefinitionEndpoints.cs(1046,29): error CS0029: 蝙・'BobCrm.Api.Base.FormTemplateUsageType' 繧・'string' 縺ｫ證鈴ｻ咏噪縺ｫ螟画鋤縺ｧ縺阪∪縺帙ｓ [C:\workspace\bobcrm\src\BobCrm.Api\BobCrm.Api.csproj]
C:\workspace\bobcrm\src\BobCrm.Api\Endpoints\EntityDefinitionEndpoints.cs(1047,33): error CS0029: 蝙・'BobCrm.Api.Base.FormTemplateUsageType' 繧・'string' 縺ｫ證鈴ｻ咏噪縺ｫ螟画鋤縺ｧ縺阪∪縺帙ｓ [C:\workspace\bobcrm\src\BobCrm.Api\BobCrm.Api.csproj]
C:\workspace\bobcrm\src\BobCrm.Api\Endpoints\EntityDefinitionEndpoints.cs(1048,33): error CS0029: 蝙・'int' 繧・'System.Guid' 縺ｫ證鈴ｻ咏噪縺ｫ螟画鋤縺ｧ縺阪∪縺帙ｓ [C:\workspace\bobcrm\src\BobCrm.Api\BobCrm.Api.csproj]
C:\workspace\bobcrm\src\BobCrm.Api\Endpoints\EntityDefinitionEndpoints.cs(1049,34): error CS0029: 蝙・'int' 繧・'System.Guid' 縺ｫ證鈴ｻ咏噪縺ｫ螟画鋤縺ｧ縺阪∪縺帙ｓ [C:\workspace\bobcrm\src\BobCrm.Api\BobCrm.Api.csproj]
C:\workspace\bobcrm\src\BobCrm.Api\Endpoints\EntityDefinitionEndpoints.cs(1059,29): error CS0029: 蝙・'BobCrm.Api.Base.FormTemplateUsageType' 繧・'string' 縺ｫ證鈴ｻ咏噪縺ｫ螟画鋤縺ｧ縺阪∪縺帙ｓ [C:\workspace\bobcrm\src\BobCrm.Api\BobCrm.Api.csproj]
C:\workspace\bobcrm\src\BobCrm.Api\Endpoints\EntityDefinitionEndpoints.cs(1060,33): error CS0029: 蝙・'BobCrm.Api.Base.FormTemplateUsageType' 繧・'string' 縺ｫ證鈴ｻ咏噪縺ｫ螟画鋤縺ｧ縺阪∪縺帙ｓ [C:\workspace\bobcrm\src\BobCrm.Api\BobCrm.Api.csproj]
C:\workspace\bobcrm\src\BobCrm.Api\Endpoints\EntityDefinitionEndpoints.cs(964,61): warning CS8604: 'ErrorResponse.ErrorResponse(string message, string code = "ERROR")' 蜀・・繝代Λ繝｡繝ｼ繧ｿ繝ｼ 'message' 縺ｫ Null 蜿ら・蠑墓焚縺後≠繧句庄閭ｽ諤ｧ縺後≠繧翫∪縺吶・[C:\workspace\bobcrm\src\BobCrm.Api\BobCrm.Api.csproj]
C:\workspace\bobcrm\src\BobCrm.Api\Endpoints\EntityDefinitionEndpoints.cs(1023,61): warning CS8604: 'ErrorResponse.ErrorResponse(string message, string code = "ERROR")' 蜀・・繝代Λ繝｡繝ｼ繧ｿ繝ｼ 'message' 縺ｫ Null 蜿ら・蠑墓焚縺後≠繧句庄閭ｽ諤ｧ縺後≠繧翫∪縺吶・[C:\workspace\bobcrm\src\BobCrm.Api\BobCrm.Api.csproj]
C:\workspace\bobcrm\src\BobCrm.Api\Endpoints\EntityDefinitionEndpoints.cs(1138,29): warning CS8601: Null 蜿ら・莉｣蜈･縺ｮ蜿ｯ閭ｽ諤ｧ縺後≠繧翫∪縺吶・[C:\workspace\bobcrm\src\BobCrm.Api\BobCrm.Api.csproj]
C:\workspace\bobcrm\src\BobCrm.Api\Infrastructure\Configurations\FunctionNodeConfiguration.cs(28,33): warning CS0618: 'FunctionNode.TemplateId' 縺ｯ譌ｧ蠖｢蠑上〒縺・('Use TemplateStateBinding instead') [C:\workspace\bobcrm\src\BobCrm.Api\BobCrm.Api.csproj]
C:\workspace\bobcrm\src\BobCrm.Api\Infrastructure\DatabaseInitializer.cs(1177,25): warning CS0618: 'FunctionNode.TemplateBindingId' 縺ｯ譌ｧ蠖｢蠑上〒縺・('Use TemplateStateBindingId instead') [C:\workspace\bobcrm\src\BobCrm.Api\BobCrm.Api.csproj]
C:\workspace\bobcrm\src\BobCrm.Api\Services\FunctionTreeBuilder.cs(159,33): warning CS0618: 'FunctionNode.TemplateBindingId' 縺ｯ譌ｧ蠖｢蠑上〒縺・('Use TemplateStateBindingId instead') [C:\workspace\bobcrm\src\BobCrm.Api\BobCrm.Api.csproj]
C:\workspace\bobcrm\src\BobCrm.Api\Services\FunctionTreeBuilder.cs(159,68): warning CS0618: 'FunctionNode.TemplateBindingId' 縺ｯ譌ｧ蠖｢蠑上〒縺・('Use TemplateStateBindingId instead') [C:\workspace\bobcrm\src\BobCrm.Api\BobCrm.Api.csproj]
C:\workspace\bobcrm\src\BobCrm.Api\Services\FunctionTreeBuilder.cs(217,26): warning CS0618: 'FunctionNode.TemplateId' 縺ｯ譌ｧ蠖｢蠑上〒縺・('Use TemplateStateBinding instead') [C:\workspace\bobcrm\src\BobCrm.Api\BobCrm.Api.csproj]

繝薙Ν繝峨↓螟ｱ謨励＠縺ｾ縺励◆縲・

C:\workspace\bobcrm\src\BobCrm.Api\Services\AccessService.cs(205,13): warning CS0618: 'FunctionNode.TemplateId' 縺ｯ譌ｧ蠖｢蠑上〒縺・('Use TemplateStateBinding instead') [C:\workspace\bobcrm\src\BobCrm.Api\BobCrm.Api.csproj]
C:\workspace\bobcrm\src\BobCrm.Api\Services\AccessService.cs(207,13): warning CS0618: 'FunctionNode.TemplateBindingId' 縺ｯ譌ｧ蠖｢蠑上〒縺・('Use TemplateStateBindingId instead') [C:\workspace\bobcrm\src\BobCrm.Api\BobCrm.Api.csproj]
C:\workspace\bobcrm\src\BobCrm.Api\Services\AccessService.cs(284,13): warning CS0618: 'FunctionNode.TemplateId' 縺ｯ譌ｧ蠖｢蠑上〒縺・('Use TemplateStateBinding instead') [C:\workspace\bobcrm\src\BobCrm.Api\BobCrm.Api.csproj]
C:\workspace\bobcrm\src\BobCrm.Api\Services\AccessService.cs(286,13): warning CS0618: 'FunctionNode.TemplateBindingId' 縺ｯ譌ｧ蠖｢蠑上〒縺・('Use TemplateStateBindingId instead') [C:\workspace\bobcrm\src\BobCrm.Api\BobCrm.Api.csproj]
C:\workspace\bobcrm\src\BobCrm.Api\Services\AccessService.cs(310,13): warning CS0618: 'FunctionNode.TemplateId' 縺ｯ譌ｧ蠖｢蠑上〒縺・('Use TemplateStateBinding instead') [C:\workspace\bobcrm\src\BobCrm.Api\BobCrm.Api.csproj]
C:\workspace\bobcrm\src\BobCrm.Api\Services\AccessService.cs(312,13): warning CS0618: 'FunctionNode.TemplateBindingId' 縺ｯ譌ｧ蠖｢蠑上〒縺・('Use TemplateStateBindingId instead') [C:\workspace\bobcrm\src\BobCrm.Api\BobCrm.Api.csproj]
C:\workspace\bobcrm\src\BobCrm.Api\Services\AccessService.cs(316,13): warning CS0618: 'FunctionNode.TemplateId' 縺ｯ譌ｧ蠖｢蠑上〒縺・('Use TemplateStateBinding instead') [C:\workspace\bobcrm\src\BobCrm.Api\BobCrm.Api.csproj]
C:\workspace\bobcrm\src\BobCrm.Api\Services\AccessService.cs(320,19): warning CS0618: 'FunctionNode.TemplateId' 縺ｯ譌ｧ蠖｢蠑上〒縺・('Use TemplateStateBinding instead') [C:\workspace\bobcrm\src\BobCrm.Api\BobCrm.Api.csproj]
C:\workspace\bobcrm\src\BobCrm.Api\Services\AccessService.cs(325,13): warning CS0618: 'FunctionNode.TemplateBindingId' 縺ｯ譌ｧ蠖｢蠑上〒縺・('Use TemplateStateBindingId instead') [C:\workspace\bobcrm\src\BobCrm.Api\BobCrm.Api.csproj]
C:\workspace\bobcrm\src\BobCrm.Api\Services\AccessService.cs(329,19): warning CS0618: 'FunctionNode.TemplateBindingId' 縺ｯ譌ｧ蠖｢蠑上〒縺・('Use TemplateStateBindingId instead') [C:\workspace\bobcrm\src\BobCrm.Api\BobCrm.Api.csproj]
C:\workspace\bobcrm\src\BobCrm.Api\Endpoints\AccessEndpoints.cs(129,21): warning CS0618: 'FunctionNode.TemplateId' 縺ｯ譌ｧ蠖｢蠑上〒縺・('Use TemplateStateBinding instead') [C:\workspace\bobcrm\src\BobCrm.Api\BobCrm.Api.csproj]
C:\workspace\bobcrm\src\BobCrm.Api\Endpoints\AccessEndpoints.cs(158,21): warning CS0618: 'FunctionNode.TemplateId' 縺ｯ譌ｧ蠖｢蠑上〒縺・('Use TemplateStateBinding instead') [C:\workspace\bobcrm\src\BobCrm.Api\BobCrm.Api.csproj]
C:\workspace\bobcrm\src\BobCrm.Api\Endpoints\AccessEndpoints.cs(509,26): warning CS0618: 'FunctionNode.TemplateId' 縺ｯ譌ｧ蠖｢蠑上〒縺・('Use TemplateStateBinding instead') [C:\workspace\bobcrm\src\BobCrm.Api\BobCrm.Api.csproj]
C:\workspace\bobcrm\src\BobCrm.Api\Endpoints\TemplateEndpoints.cs(398,30): warning CS0618: 'TemplateDtoExtensions.ToDto(TemplateBinding)' 縺ｯ譌ｧ蠖｢蠑上〒縺・('TemplateBinding is deprecated. Use TemplateStateBinding instead.') [C:\workspace\bobcrm\src\BobCrm.Api\BobCrm.Api.csproj]
C:\workspace\bobcrm\src\BobCrm.Api\Endpoints\TemplateEndpoints.cs(425,31): warning CS0618: 'TemplateDtoExtensions.ToDto(TemplateBinding)' 縺ｯ譌ｧ蠖｢蠑上〒縺・('TemplateBinding is deprecated. Use TemplateStateBinding instead.') [C:\workspace\bobcrm\src\BobCrm.Api\BobCrm.Api.csproj]
C:\workspace\bobcrm\src\BobCrm.Api\Services\AccessService.cs(701,13): warning CS0618: 'FunctionNode.TemplateBindingId' 縺ｯ譌ｧ蠖｢蠑上〒縺・('Use TemplateStateBindingId instead') [C:\workspace\bobcrm\src\BobCrm.Api\BobCrm.Api.csproj]
C:\workspace\bobcrm\src\BobCrm.Api\Services\AccessService.cs(702,13): warning CS0618: 'FunctionNode.TemplateId' 縺ｯ譌ｧ蠖｢蠑上〒縺・('Use TemplateStateBinding instead') [C:\workspace\bobcrm\src\BobCrm.Api\BobCrm.Api.csproj]
C:\workspace\bobcrm\src\BobCrm.Api\Services\TemplateRuntimeService.cs(54,13): warning CS0618: 'TemplateDtoExtensions.ToDto(TemplateBinding)' 縺ｯ譌ｧ蠖｢蠑上〒縺・('TemplateBinding is deprecated. Use TemplateStateBinding instead.') [C:\workspace\bobcrm\src\BobCrm.Api\BobCrm.Api.csproj]
C:\workspace\bobcrm\src\BobCrm.Api\Endpoints\EntityDefinitionEndpoints.cs(964,61): warning CS8604: 'ErrorResponse.ErrorResponse(string message, string code = "ERROR")' 蜀・・繝代Λ繝｡繝ｼ繧ｿ繝ｼ 'message' 縺ｫ Null 蜿ら・蠑墓焚縺後≠繧句庄閭ｽ諤ｧ縺後≠繧翫∪縺吶・[C:\workspace\bobcrm\src\BobCrm.Api\BobCrm.Api.csproj]
C:\workspace\bobcrm\src\BobCrm.Api\Endpoints\EntityDefinitionEndpoints.cs(1023,61): warning CS8604: 'ErrorResponse.ErrorResponse(string message, string code = "ERROR")' 蜀・・繝代Λ繝｡繝ｼ繧ｿ繝ｼ 'message' 縺ｫ Null 蜿ら・蠑墓焚縺後≠繧句庄閭ｽ諤ｧ縺後≠繧翫∪縺吶・[C:\workspace\bobcrm\src\BobCrm.Api\BobCrm.Api.csproj]
C:\workspace\bobcrm\src\BobCrm.Api\Endpoints\EntityDefinitionEndpoints.cs(1138,29): warning CS8601: Null 蜿ら・莉｣蜈･縺ｮ蜿ｯ閭ｽ諤ｧ縺後≠繧翫∪縺吶・[C:\workspace\bobcrm\src\BobCrm.Api\BobCrm.Api.csproj]
C:\workspace\bobcrm\src\BobCrm.Api\Infrastructure\Configurations\FunctionNodeConfiguration.cs(28,33): warning CS0618: 'FunctionNode.TemplateId' 縺ｯ譌ｧ蠖｢蠑上〒縺・('Use TemplateStateBinding instead') [C:\workspace\bobcrm\src\BobCrm.Api\BobCrm.Api.csproj]
C:\workspace\bobcrm\src\BobCrm.Api\Infrastructure\DatabaseInitializer.cs(1177,25): warning CS0618: 'FunctionNode.TemplateBindingId' 縺ｯ譌ｧ蠖｢蠑上〒縺・('Use TemplateStateBindingId instead') [C:\workspace\bobcrm\src\BobCrm.Api\BobCrm.Api.csproj]
C:\workspace\bobcrm\src\BobCrm.Api\Services\FunctionTreeBuilder.cs(159,33): warning CS0618: 'FunctionNode.TemplateBindingId' 縺ｯ譌ｧ蠖｢蠑上〒縺・('Use TemplateStateBindingId instead') [C:\workspace\bobcrm\src\BobCrm.Api\BobCrm.Api.csproj]
C:\workspace\bobcrm\src\BobCrm.Api\Services\FunctionTreeBuilder.cs(159,68): warning CS0618: 'FunctionNode.TemplateBindingId' 縺ｯ譌ｧ蠖｢蠑上〒縺・('Use TemplateStateBindingId instead') [C:\workspace\bobcrm\src\BobCrm.Api\BobCrm.Api.csproj]
C:\workspace\bobcrm\src\BobCrm.Api\Services\FunctionTreeBuilder.cs(217,26): warning CS0618: 'FunctionNode.TemplateId' 縺ｯ譌ｧ蠖｢蠑上〒縺・('Use TemplateStateBinding instead') [C:\workspace\bobcrm\src\BobCrm.Api\BobCrm.Api.csproj]
C:\workspace\bobcrm\src\BobCrm.Api\Endpoints\EntityDefinitionEndpoints.cs(132,25): error CS0117: 'FieldMetadataDto' 縺ｫ 'IsEntityRef' 縺ｮ螳夂ｾｩ縺後≠繧翫∪縺帙ｓ [C:\workspace\bobcrm\src\BobCrm.Api\BobCrm.Api.csproj]
C:\workspace\bobcrm\src\BobCrm.Api\Endpoints\EntityDefinitionEndpoints.cs(133,25): error CS0117: 'FieldMetadataDto' 縺ｫ 'ReferencedEntityId' 縺ｮ螳夂ｾｩ縺後≠繧翫∪縺帙ｓ [C:\workspace\bobcrm\src\BobCrm.Api\BobCrm.Api.csproj]
C:\workspace\bobcrm\src\BobCrm.Api\Endpoints\EntityDefinitionEndpoints.cs(134,25): error CS0117: 'FieldMetadataDto' 縺ｫ 'TableName' 縺ｮ螳夂ｾｩ縺後≠繧翫∪縺帙ｓ [C:\workspace\bobcrm\src\BobCrm.Api\BobCrm.Api.csproj]
C:\workspace\bobcrm\src\BobCrm.Api\Endpoints\EntityDefinitionEndpoints.cs(138,25): error CS0117: 'FieldMetadataDto' 縺ｫ 'Source' 縺ｮ螳夂ｾｩ縺後≠繧翫∪縺帙ｓ [C:\workspace\bobcrm\src\BobCrm.Api\BobCrm.Api.csproj]
C:\workspace\bobcrm\src\BobCrm.Api\Endpoints\EntityDefinitionEndpoints.cs(139,25): error CS0117: 'FieldMetadataDto' 縺ｫ 'EnumDefinitionId' 縺ｮ螳夂ｾｩ縺後≠繧翫∪縺帙ｓ [C:\workspace\bobcrm\src\BobCrm.Api\BobCrm.Api.csproj]
C:\workspace\bobcrm\src\BobCrm.Api\Endpoints\EntityDefinitionEndpoints.cs(140,25): error CS0117: 'FieldMetadataDto' 縺ｫ 'IsMultiSelect' 縺ｮ螳夂ｾｩ縺後≠繧翫∪縺帙ｓ [C:\workspace\bobcrm\src\BobCrm.Api\BobCrm.Api.csproj]
C:\workspace\bobcrm\src\BobCrm.Api\Endpoints\EntityDefinitionEndpoints.cs(306,25): error CS0117: 'FieldMetadataDto' 縺ｫ 'IsEntityRef' 縺ｮ螳夂ｾｩ縺後≠繧翫∪縺帙ｓ [C:\workspace\bobcrm\src\BobCrm.Api\BobCrm.Api.csproj]
C:\workspace\bobcrm\src\BobCrm.Api\Endpoints\EntityDefinitionEndpoints.cs(307,25): error CS0117: 'FieldMetadataDto' 縺ｫ 'ReferencedEntityId' 縺ｮ螳夂ｾｩ縺後≠繧翫∪縺帙ｓ [C:\workspace\bobcrm\src\BobCrm.Api\BobCrm.Api.csproj]
C:\workspace\bobcrm\src\BobCrm.Api\Endpoints\EntityDefinitionEndpoints.cs(308,25): error CS0117: 'FieldMetadataDto' 縺ｫ 'TableName' 縺ｮ螳夂ｾｩ縺後≠繧翫∪縺帙ｓ [C:\workspace\bobcrm\src\BobCrm.Api\BobCrm.Api.csproj]
C:\workspace\bobcrm\src\BobCrm.Api\Endpoints\EntityDefinitionEndpoints.cs(312,25): error CS0117: 'FieldMetadataDto' 縺ｫ 'Source' 縺ｮ螳夂ｾｩ縺後≠繧翫∪縺帙ｓ [C:\workspace\bobcrm\src\BobCrm.Api\BobCrm.Api.csproj]
C:\workspace\bobcrm\src\BobCrm.Api\Endpoints\EntityDefinitionEndpoints.cs(313,25): error CS0117: 'FieldMetadataDto' 縺ｫ 'EnumDefinitionId' 縺ｮ螳夂ｾｩ縺後≠繧翫∪縺帙ｓ [C:\workspace\bobcrm\src\BobCrm.Api\BobCrm.Api.csproj]
C:\workspace\bobcrm\src\BobCrm.Api\Endpoints\EntityDefinitionEndpoints.cs(314,25): error CS0117: 'FieldMetadataDto' 縺ｫ 'IsMultiSelect' 縺ｮ螳夂ｾｩ縺後≠繧翫∪縺帙ｓ [C:\workspace\bobcrm\src\BobCrm.Api\BobCrm.Api.csproj]
C:\workspace\bobcrm\src\BobCrm.Api\Endpoints\EntityDefinitionEndpoints.cs(385,25): error CS0117: 'FieldMetadataDto' 縺ｫ 'IsEntityRef' 縺ｮ螳夂ｾｩ縺後≠繧翫∪縺帙ｓ [C:\workspace\bobcrm\src\BobCrm.Api\BobCrm.Api.csproj]
C:\workspace\bobcrm\src\BobCrm.Api\Endpoints\EntityDefinitionEndpoints.cs(386,25): error CS0117: 'FieldMetadataDto' 縺ｫ 'ReferencedEntityId' 縺ｮ螳夂ｾｩ縺後≠繧翫∪縺帙ｓ [C:\workspace\bobcrm\src\BobCrm.Api\BobCrm.Api.csproj]
C:\workspace\bobcrm\src\BobCrm.Api\Endpoints\EntityDefinitionEndpoints.cs(387,25): error CS0117: 'FieldMetadataDto' 縺ｫ 'TableName' 縺ｮ螳夂ｾｩ縺後≠繧翫∪縺帙ｓ [C:\workspace\bobcrm\src\BobCrm.Api\BobCrm.Api.csproj]
C:\workspace\bobcrm\src\BobCrm.Api\Endpoints\EntityDefinitionEndpoints.cs(391,25): error CS0117: 'FieldMetadataDto' 縺ｫ 'Source' 縺ｮ螳夂ｾｩ縺後≠繧翫∪縺帙ｓ [C:\workspace\bobcrm\src\BobCrm.Api\BobCrm.Api.csproj]
C:\workspace\bobcrm\src\BobCrm.Api\Endpoints\EntityDefinitionEndpoints.cs(392,25): error CS0117: 'FieldMetadataDto' 縺ｫ 'EnumDefinitionId' 縺ｮ螳夂ｾｩ縺後≠繧翫∪縺帙ｓ [C:\workspace\bobcrm\src\BobCrm.Api\BobCrm.Api.csproj]
C:\workspace\bobcrm\src\BobCrm.Api\Endpoints\EntityDefinitionEndpoints.cs(393,25): error CS0117: 'FieldMetadataDto' 縺ｫ 'IsMultiSelect' 縺ｮ螳夂ｾｩ縺後≠繧翫∪縺帙ｓ [C:\workspace\bobcrm\src\BobCrm.Api\BobCrm.Api.csproj]
C:\workspace\bobcrm\src\BobCrm.Api\Endpoints\EntityDefinitionEndpoints.cs(488,66): error CS0718: 'EntityStructureType': 繧ｹ繧ｿ繝・ぅ繝・け蝙九ｒ蝙句ｼ墓焚縺ｨ縺励※菴ｿ逕ｨ縺吶ｋ縺薙→縺ｯ縺ｧ縺阪∪縺帙ｓ [C:\workspace\bobcrm\src\BobCrm.Api\BobCrm.Api.csproj]
C:\workspace\bobcrm\src\BobCrm.Api\Endpoints\EntityDefinitionEndpoints.cs(679,76): error CS0718: 'EntityStructureType': 繧ｹ繧ｿ繝・ぅ繝・け蝙九ｒ蝙句ｼ墓焚縺ｨ縺励※菴ｿ逕ｨ縺吶ｋ縺薙→縺ｯ縺ｧ縺阪∪縺帙ｓ [C:\workspace\bobcrm\src\BobCrm.Api\BobCrm.Api.csproj]
C:\workspace\bobcrm\src\BobCrm.Api\Endpoints\EntityDefinitionEndpoints.cs(975,34): error CS0029: 蝙・'int' 繧・'System.Guid' 縺ｫ證鈴ｻ咏噪縺ｫ螟画鋤縺ｧ縺阪∪縺帙ｓ [C:\workspace\bobcrm\src\BobCrm.Api\BobCrm.Api.csproj]
C:\workspace\bobcrm\src\BobCrm.Api\Endpoints\EntityDefinitionEndpoints.cs(981,29): error CS0029: 蝙・'BobCrm.Api.Base.FormTemplateUsageType' 繧・'string' 縺ｫ證鈴ｻ咏噪縺ｫ螟画鋤縺ｧ縺阪∪縺帙ｓ [C:\workspace\bobcrm\src\BobCrm.Api\BobCrm.Api.csproj]
C:\workspace\bobcrm\src\BobCrm.Api\Endpoints\EntityDefinitionEndpoints.cs(982,33): error CS0029: 蝙・'BobCrm.Api.Base.FormTemplateUsageType' 繧・'string' 縺ｫ證鈴ｻ咏噪縺ｫ螟画鋤縺ｧ縺阪∪縺帙ｓ [C:\workspace\bobcrm\src\BobCrm.Api\BobCrm.Api.csproj]
C:\workspace\bobcrm\src\BobCrm.Api\Endpoints\EntityDefinitionEndpoints.cs(983,33): error CS0029: 蝙・'int' 繧・'System.Guid' 縺ｫ證鈴ｻ咏噪縺ｫ螟画鋤縺ｧ縺阪∪縺帙ｓ [C:\workspace\bobcrm\src\BobCrm.Api\BobCrm.Api.csproj]
C:\workspace\bobcrm\src\BobCrm.Api\Endpoints\EntityDefinitionEndpoints.cs(984,34): error CS0029: 蝙・'int' 繧・'System.Guid' 縺ｫ證鈴ｻ咏噪縺ｫ螟画鋤縺ｧ縺阪∪縺帙ｓ [C:\workspace\bobcrm\src\BobCrm.Api\BobCrm.Api.csproj]
C:\workspace\bobcrm\src\BobCrm.Api\Endpoints\EntityDefinitionEndpoints.cs(994,29): error CS0029: 蝙・'BobCrm.Api.Base.FormTemplateUsageType' 繧・'string' 縺ｫ證鈴ｻ咏噪縺ｫ螟画鋤縺ｧ縺阪∪縺帙ｓ [C:\workspace\bobcrm\src\BobCrm.Api\BobCrm.Api.csproj]
C:\workspace\bobcrm\src\BobCrm.Api\Endpoints\EntityDefinitionEndpoints.cs(995,33): error CS0029: 蝙・'BobCrm.Api.Base.FormTemplateUsageType' 繧・'string' 縺ｫ證鈴ｻ咏噪縺ｫ螟画鋤縺ｧ縺阪∪縺帙ｓ [C:\workspace\bobcrm\src\BobCrm.Api\BobCrm.Api.csproj]
C:\workspace\bobcrm\src\BobCrm.Api\Endpoints\EntityDefinitionEndpoints.cs(1040,34): error CS0029: 蝙・'int' 繧・'System.Guid' 縺ｫ證鈴ｻ咏噪縺ｫ螟画鋤縺ｧ縺阪∪縺帙ｓ [C:\workspace\bobcrm\src\BobCrm.Api\BobCrm.Api.csproj]
C:\workspace\bobcrm\src\BobCrm.Api\Endpoints\EntityDefinitionEndpoints.cs(1046,29): error CS0029: 蝙・'BobCrm.Api.Base.FormTemplateUsageType' 繧・'string' 縺ｫ證鈴ｻ咏噪縺ｫ螟画鋤縺ｧ縺阪∪縺帙ｓ [C:\workspace\bobcrm\src\BobCrm.Api\BobCrm.Api.csproj]
C:\workspace\bobcrm\src\BobCrm.Api\Endpoints\EntityDefinitionEndpoints.cs(1047,33): error CS0029: 蝙・'BobCrm.Api.Base.FormTemplateUsageType' 繧・'string' 縺ｫ證鈴ｻ咏噪縺ｫ螟画鋤縺ｧ縺阪∪縺帙ｓ [C:\workspace\bobcrm\src\BobCrm.Api\BobCrm.Api.csproj]
C:\workspace\bobcrm\src\BobCrm.Api\Endpoints\EntityDefinitionEndpoints.cs(1048,33): error CS0029: 蝙・'int' 繧・'System.Guid' 縺ｫ證鈴ｻ咏噪縺ｫ螟画鋤縺ｧ縺阪∪縺帙ｓ [C:\workspace\bobcrm\src\BobCrm.Api\BobCrm.Api.csproj]
C:\workspace\bobcrm\src\BobCrm.Api\Endpoints\EntityDefinitionEndpoints.cs(1049,34): error CS0029: 蝙・'int' 繧・'System.Guid' 縺ｫ證鈴ｻ咏噪縺ｫ螟画鋤縺ｧ縺阪∪縺帙ｓ [C:\workspace\bobcrm\src\BobCrm.Api\BobCrm.Api.csproj]
C:\workspace\bobcrm\src\BobCrm.Api\Endpoints\EntityDefinitionEndpoints.cs(1059,29): error CS0029: 蝙・'BobCrm.Api.Base.FormTemplateUsageType' 繧・'string' 縺ｫ證鈴ｻ咏噪縺ｫ螟画鋤縺ｧ縺阪∪縺帙ｓ [C:\workspace\bobcrm\src\BobCrm.Api\BobCrm.Api.csproj]
C:\workspace\bobcrm\src\BobCrm.Api\Endpoints\EntityDefinitionEndpoints.cs(1060,33): error CS0029: 蝙・'BobCrm.Api.Base.FormTemplateUsageType' 繧・'string' 縺ｫ證鈴ｻ咏噪縺ｫ螟画鋤縺ｧ縺阪∪縺帙ｓ [C:\workspace\bobcrm\src\BobCrm.Api\BobCrm.Api.csproj]
    26 蛟九・隴ｦ蜻・
    34 繧ｨ繝ｩ繝ｼ

邨碁℃譎る俣 00:00:01.93

繝ｯ繝ｼ繧ｯ繝ｭ繝ｼ繝峨・譖ｴ譁ｰ縺悟茜逕ｨ蜿ｯ閭ｽ縺ｧ縺吶りｩｳ邏ｰ縺ｫ縺､縺・※縺ｯ縲～dotnet workload list` 繧貞ｮ溯｡後＠縺ｦ縺上□縺輔＞縲・
